Fitter report for AtariMod
Thu Dec 29 22:21:48 2016
Quartus Prime Version 16.0.0 Build 211 04/27/2016 SJ Lite Edition


---------------------
; Table of Contents ;
---------------------
  1. Legal Notice
  2. Fitter Summary
  3. Fitter Settings
  4. Parallel Compilation
  5. Ignored Assignments
  6. Pin-Out File
  7. Fitter Resource Usage Summary
  8. Input Pins
  9. Output Pins
 10. I/O Bank Usage
 11. All Package Pins
 12. Output Pin Default Load For Reported TCO
 13. Fitter Resource Utilization by Entity
 14. Delay Chain Summary
 15. Control Signals
 16. Global & Other Fast Signals
 17. Routing Usage Summary
 18. LAB Logic Elements
 19. LAB-wide Signals
 20. LAB Signals Sourced
 21. LAB Signals Sourced Out
 22. LAB Distinct Inputs
 23. Fitter Device Options
 24. Fitter Messages
 25. Fitter Suppressed Messages



----------------
; Legal Notice ;
----------------
Copyright (C) 1991-2016 Altera Corporation. All rights reserved.
Your use of Altera Corporation's design tools, logic functions 
and other software and tools, and its AMPP partner logic 
functions, and any output files from any of the foregoing 
(including device programming or simulation files), and any 
associated documentation or information are expressly subject 
to the terms and conditions of the Altera Program License 
Subscription Agreement, the Altera Quartus Prime License Agreement,
the Altera MegaCore Function License Agreement, or other 
applicable license agreement, including, without limitation, 
that your use is for the sole purpose of programming logic 
devices manufactured by Altera and sold by Altera or its 
authorized distributors.  Please refer to the applicable 
agreement for further details.



+---------------------------------------------------------------------+
; Fitter Summary                                                      ;
+-----------------------+---------------------------------------------+
; Fitter Status         ; Successful - Thu Dec 29 22:21:48 2016       ;
; Quartus Prime Version ; 16.0.0 Build 211 04/27/2016 SJ Lite Edition ;
; Revision Name         ; AtariMod                                    ;
; Top-level Entity Name ; GTIA2DVideo                                 ;
; Family                ; MAX V                                       ;
; Device                ; 5M570ZT100C5                                ;
; Timing Models         ; Final                                       ;
; Total logic elements  ; 507 / 570 ( 89 % )                          ;
; Total pins            ; 34 / 74 ( 46 % )                            ;
; Total virtual pins    ; 0                                           ;
; UFM blocks            ; 0 / 1 ( 0 % )                               ;
+-----------------------+---------------------------------------------+


+----------------------------------------------------------------------------------------------------------------------------------------------+
; Fitter Settings                                                                                                                              ;
+----------------------------------------------------------------------------+--------------------------------+--------------------------------+
; Option                                                                     ; Setting                        ; Default Value                  ;
+----------------------------------------------------------------------------+--------------------------------+--------------------------------+
; Device                                                                     ; 5M570ZT100C5                   ;                                ;
; Minimum Core Junction Temperature                                          ; 0                              ;                                ;
; Maximum Core Junction Temperature                                          ; 85                             ;                                ;
; Fit Attempts to Skip                                                       ; 0                              ; 0.0                            ;
; Use smart compilation                                                      ; Off                            ; Off                            ;
; Enable parallel Assembler and TimeQuest Timing Analyzer during compilation ; On                             ; On                             ;
; Enable compact report table                                                ; Off                            ; Off                            ;
; Router Timing Optimization Level                                           ; Normal                         ; Normal                         ;
; Placement Effort Multiplier                                                ; 1.0                            ; 1.0                            ;
; Router Effort Multiplier                                                   ; 1.0                            ; 1.0                            ;
; Always Enable Input Buffers                                                ; Off                            ; Off                            ;
; Optimize Hold Timing                                                       ; IO Paths and Minimum TPD Paths ; IO Paths and Minimum TPD Paths ;
; Optimize Multi-Corner Timing                                               ; Off                            ; Off                            ;
; Guarantee I/O Paths Have Zero Hold Time at Fast Corner                     ; On                             ; On                             ;
; PowerPlay Power Optimization During Fitting                                ; Normal compilation             ; Normal compilation             ;
; Optimize Timing                                                            ; Normal compilation             ; Normal compilation             ;
; Optimize Timing for ECOs                                                   ; Off                            ; Off                            ;
; Regenerate Full Fit Report During ECO Compiles                             ; Off                            ; Off                            ;
; Optimize IOC Register Placement for Timing                                 ; Normal                         ; Normal                         ;
; Limit to One Fitting Attempt                                               ; Off                            ; Off                            ;
; Final Placement Optimizations                                              ; Automatically                  ; Automatically                  ;
; Fitter Aggressive Routability Optimizations                                ; Automatically                  ; Automatically                  ;
; Fitter Initial Placement Seed                                              ; 1                              ; 1                              ;
; Periphery to Core Placement and Routing Optimization                       ; Off                            ; Off                            ;
; Slow Slew Rate                                                             ; Off                            ; Off                            ;
; PCI I/O                                                                    ; Off                            ; Off                            ;
; Weak Pull-Up Resistor                                                      ; Off                            ; Off                            ;
; Enable Bus-Hold Circuitry                                                  ; Off                            ; Off                            ;
; Auto Delay Chains                                                          ; On                             ; On                             ;
; Auto Delay Chains for High Fanout Input Pins                               ; Off                            ; Off                            ;
; Perform Physical Synthesis for Combinational Logic for Performance         ; Off                            ; Off                            ;
; Perform Register Duplication for Performance                               ; Off                            ; Off                            ;
; Perform Register Retiming for Performance                                  ; Off                            ; Off                            ;
; Perform Asynchronous Signal Pipelining                                     ; Off                            ; Off                            ;
; Fitter Effort                                                              ; Auto Fit                       ; Auto Fit                       ;
; Physical Synthesis Effort Level                                            ; Normal                         ; Normal                         ;
; Logic Cell Insertion - Logic Duplication                                   ; Auto                           ; Auto                           ;
; Auto Register Duplication                                                  ; Auto                           ; Auto                           ;
; Auto Global Clock                                                          ; On                             ; On                             ;
; Auto Global Register Control Signals                                       ; On                             ; On                             ;
; Force Fitter to Avoid Periphery Placement Warnings                         ; Off                            ; Off                            ;
+----------------------------------------------------------------------------+--------------------------------+--------------------------------+


Parallel compilation was disabled, but you have multiple processors available. Enable parallel compilation to reduce compilation time.
+-------------------------------------+
; Parallel Compilation                ;
+----------------------------+--------+
; Processors                 ; Number ;
+----------------------------+--------+
; Number detected on machine ; 2      ;
; Maximum allowed            ; 1      ;
+----------------------------+--------+


+--------------------------------------------------------------------------------------------+
; Ignored Assignments                                                                        ;
+--------------+----------------+--------------+------------+---------------+----------------+
; Name         ; Ignored Entity ; Ignored From ; Ignored To ; Ignored Value ; Ignored Source ;
+--------------+----------------+--------------+------------+---------------+----------------+
; Location     ;                ;              ; CLK100     ; PIN_12        ; QSF Assignment ;
; I/O Standard ; GTIA2DVideo    ;              ; DVID_RGB   ; 3.3-V LVCMOS  ; QSF Assignment ;
+--------------+----------------+--------------+------------+---------------+----------------+


+--------------+
; Pin-Out File ;
+--------------+
The pin-out file can be found in C:/Users/Reinhard/Documents/GitHub/D-Video/atarimod/quartus/output_files/AtariMod.pin.


+---------------------------------------------------------------------+
; Fitter Resource Usage Summary                                       ;
+---------------------------------------------+-----------------------+
; Resource                                    ; Usage                 ;
+---------------------------------------------+-----------------------+
; Total logic elements                        ; 507 / 570 ( 89 % )    ;
;     -- Combinational with no register       ; 254                   ;
;     -- Register only                        ; 6                     ;
;     -- Combinational with a register        ; 247                   ;
;                                             ;                       ;
; Logic element usage by number of LUT inputs ;                       ;
;     -- 4 input functions                    ; 234                   ;
;     -- 3 input functions                    ; 37                    ;
;     -- 2 input functions                    ; 56                    ;
;     -- 1 input functions                    ; 173                   ;
;     -- 0 input functions                    ; 1                     ;
;                                             ;                       ;
; Logic elements by mode                      ;                       ;
;     -- normal mode                          ; 492                   ;
;     -- arithmetic mode                      ; 15                    ;
;     -- qfbk mode                            ; 23                    ;
;     -- register cascade mode                ; 0                     ;
;     -- synchronous clear/load mode          ; 41                    ;
;     -- asynchronous clear/load mode         ; 0                     ;
;                                             ;                       ;
; Total registers                             ; 253 / 570 ( 44 % )    ;
; Total LABs                                  ; 57 / 57 ( 100 % )     ;
; Logic elements in carry chains              ; 17                    ;
; Virtual pins                                ; 0                     ;
; I/O pins                                    ; 34 / 74 ( 46 % )      ;
;     -- Clock pins                           ; 2 / 4 ( 50 % )        ;
;                                             ;                       ;
; Global signals                              ; 1                     ;
; UFM blocks                                  ; 0 / 1 ( 0 % )         ;
;                                             ;                       ;
;     -- Total Fixed Point DSP Blocks         ; 0                     ;
;     -- Total Floating Point DSP Blocks      ; 0                     ;
;                                             ;                       ;
; Global clocks                               ; 1 / 4 ( 25 % )        ;
; JTAGs                                       ; 0 / 1 ( 0 % )         ;
; Average interconnect usage (total/H/V)      ; 41.5% / 49.1% / 33.5% ;
; Peak interconnect usage (total/H/V)         ; 41.5% / 49.1% / 33.5% ;
; Maximum fan-out                             ; 256                   ;
; Highest non-global fan-out                  ; 30                    ;
; Total fan-out                               ; 1838                  ;
; Average fan-out                             ; 3.40                  ;
+---------------------------------------------+-----------------------+


+---------------------------------------------------------------------------------------------------------------------------------------------------------------------------------------------------------------------------------------------+
; Input Pins                                                                                                                                                                                                                                  ;
+-------+-------+----------+--------------+--------------+-------------+-----------------------+--------------------+--------+-----------------+----------+--------------+----------------------------+----------------------+----------------+
; Name  ; Pin # ; I/O Bank ; X coordinate ; Y coordinate ; Cell number ; Combinational Fan-Out ; Registered Fan-Out ; Global ; PCI I/O Enabled ; Bus Hold ; Weak Pull Up ; I/O Standard               ; Location assigned by ; Slow Slew Rate ;
+-------+-------+----------+--------------+--------------+-------------+-----------------------+--------------------+--------+-----------------+----------+--------------+----------------------------+----------------------+----------------+
; AN[0] ; 5     ; 1        ; 0            ; 7            ; 2           ; 4                     ; 0                  ; no     ; no              ; no       ; Off          ; 3.3-V LVTTL                ; User                 ; no             ;
; AN[1] ; 7     ; 1        ; 0            ; 7            ; 4           ; 2                     ; 0                  ; no     ; no              ; no       ; Off          ; 3.3-V LVTTL                ; User                 ; no             ;
; AN[2] ; 3     ; 1        ; 1            ; 8            ; 2           ; 1                     ; 0                  ; no     ; no              ; no       ; Off          ; 3.3-V LVTTL                ; User                 ; no             ;
; A[0]  ; 18    ; 1        ; 0            ; 5            ; 5           ; 2                     ; 0                  ; no     ; no              ; no       ; Off          ; 3.3-V LVTTL                ; User                 ; no             ;
; A[1]  ; 16    ; 1        ; 0            ; 5            ; 3           ; 15                    ; 0                  ; no     ; no              ; no       ; Off          ; 3.3-V LVTTL                ; User                 ; no             ;
; A[2]  ; 6     ; 1        ; 0            ; 7            ; 3           ; 15                    ; 0                  ; no     ; no              ; no       ; Off          ; 3.3-V LVTTL                ; User                 ; no             ;
; A[3]  ; 4     ; 1        ; 0            ; 7            ; 0           ; 15                    ; 0                  ; no     ; no              ; no       ; Off          ; 3.3-V LVTTL                ; User                 ; no             ;
; A[4]  ; 2     ; 1        ; 1            ; 8            ; 0           ; 15                    ; 0                  ; no     ; no              ; no       ; Off          ; 3.3-V LVTTL                ; User                 ; no             ;
; CLK   ; 62    ; 2        ; 13           ; 4            ; 4           ; 256                   ; 0                  ; yes    ; no              ; no       ; Off          ; 3.3V Schmitt Trigger Input ; User                 ; no             ;
; CS    ; 27    ; 1        ; 3            ; 3            ; 1           ; 2                     ; 0                  ; no     ; no              ; no       ; Off          ; 3.3-V LVTTL                ; User                 ; no             ;
; D[0]  ; 17    ; 1        ; 0            ; 5            ; 4           ; 20                    ; 0                  ; no     ; no              ; no       ; Off          ; 3.3-V LVTTL                ; User                 ; no             ;
; D[1]  ; 15    ; 1        ; 0            ; 5            ; 2           ; 29                    ; 0                  ; no     ; no              ; no       ; Off          ; 3.3-V LVTTL                ; User                 ; no             ;
; D[2]  ; 19    ; 1        ; 0            ; 4            ; 5           ; 24                    ; 0                  ; no     ; no              ; no       ; Off          ; 3.3-V LVTTL                ; User                 ; no             ;
; D[3]  ; 21    ; 1        ; 1            ; 3            ; 1           ; 24                    ; 0                  ; no     ; no              ; no       ; Off          ; 3.3-V LVTTL                ; User                 ; no             ;
; D[4]  ; 30    ; 1        ; 4            ; 3            ; 1           ; 24                    ; 0                  ; no     ; no              ; no       ; Off          ; 3.3-V LVTTL                ; User                 ; no             ;
; D[5]  ; 20    ; 1        ; 1            ; 3            ; 3           ; 24                    ; 0                  ; no     ; no              ; no       ; Off          ; 3.3-V LVTTL                ; User                 ; no             ;
; D[6]  ; 26    ; 1        ; 3            ; 3            ; 2           ; 24                    ; 0                  ; no     ; no              ; no       ; Off          ; 3.3-V LVTTL                ; User                 ; no             ;
; D[7]  ; 28    ; 1        ; 4            ; 3            ; 3           ; 24                    ; 0                  ; no     ; no              ; no       ; Off          ; 3.3-V LVTTL                ; User                 ; no             ;
; HALT  ; 64    ; 2        ; 13           ; 4            ; 3           ; 1                     ; 0                  ; no     ; no              ; no       ; Off          ; 3.3-V LVTTL                ; User                 ; no             ;
; RW    ; 29    ; 1        ; 4            ; 3            ; 2           ; 2                     ; 0                  ; no     ; no              ; no       ; Off          ; 3.3-V LVTTL                ; User                 ; no             ;
+-------+-------+----------+--------------+--------------+-------------+-----------------------+--------------------+--------+-----------------+----------+--------------+----------------------------+----------------------+----------------+


+--------------------------------------------------------------------------------------------------------------------------------------------------------------------------------------------------------------------------------------------------------------------------------------------------------------------------------+
; Output Pins                                                                                                                                                                                                                                                                                                                    ;
+--------------+-------+----------+--------------+--------------+-------------+-----------------+----------------+-----------------+------------+---------------+----------+--------------+--------------+------------------+------------------------+----------------------+-------+----------------------+---------------------+
; Name         ; Pin # ; I/O Bank ; X coordinate ; Y coordinate ; Cell number ; Output Register ; Slow Slew Rate ; PCI I/O Enabled ; Open Drain ; TRI Primitive ; Bus Hold ; Weak Pull Up ; I/O Standard ; Current Strength ; Fast Output Connection ; Location assigned by ; Load  ; Output Enable Source ; Output Enable Group ;
+--------------+-------+----------+--------------+--------------+-------------+-----------------+----------------+-----------------+------------+---------------+----------+--------------+--------------+------------------+------------------------+----------------------+-------+----------------------+---------------------+
; DVID_CLK     ; 85    ; 2        ; 8            ; 8            ; 2           ; no              ; no             ; no              ; no         ; no            ; no       ; Off          ; 3.3-V LVCMOS ; 8mA              ; no                     ; User                 ; 10 pF ; -                    ; -                   ;
; DVID_RGB[0]  ; 61    ; 2        ; 13           ; 3            ; 1           ; no              ; no             ; no              ; no         ; no            ; no       ; Off          ; 3.3-V LVCMOS ; 8mA              ; no                     ; User                 ; 10 pF ; -                    ; -                   ;
; DVID_RGB[10] ; 97    ; 2        ; 5            ; 8            ; 2           ; no              ; no             ; no              ; no         ; no            ; no       ; Off          ; 3.3-V LVCMOS ; 8mA              ; no                     ; User                 ; 10 pF ; -                    ; -                   ;
; DVID_RGB[11] ; 99    ; 2        ; 4            ; 8            ; 2           ; no              ; no             ; no              ; no         ; no            ; no       ; Off          ; 3.3-V LVCMOS ; 8mA              ; no                     ; User                 ; 10 pF ; -                    ; -                   ;
; DVID_RGB[1]  ; 67    ; 2        ; 13           ; 4            ; 1           ; no              ; no             ; no              ; no         ; no            ; no       ; Off          ; 3.3-V LVCMOS ; 8mA              ; no                     ; User                 ; 10 pF ; -                    ; -                   ;
; DVID_RGB[2]  ; 69    ; 2        ; 13           ; 5            ; 0           ; no              ; no             ; no              ; no         ; no            ; no       ; Off          ; 3.3-V LVCMOS ; 8mA              ; no                     ; User                 ; 10 pF ; -                    ; -                   ;
; DVID_RGB[3]  ; 71    ; 2        ; 13           ; 6            ; 2           ; no              ; no             ; no              ; no         ; no            ; no       ; Off          ; 3.3-V LVCMOS ; 8mA              ; no                     ; User                 ; 10 pF ; -                    ; -                   ;
; DVID_RGB[4]  ; 73    ; 2        ; 13           ; 7            ; 5           ; no              ; no             ; no              ; no         ; no            ; no       ; Off          ; 3.3-V LVCMOS ; 8mA              ; no                     ; User                 ; 10 pF ; -                    ; -                   ;
; DVID_RGB[5]  ; 75    ; 2        ; 13           ; 7            ; 1           ; no              ; no             ; no              ; no         ; no            ; no       ; Off          ; 3.3-V LVCMOS ; 8mA              ; no                     ; User                 ; 10 pF ; -                    ; -                   ;
; DVID_RGB[6]  ; 77    ; 2        ; 12           ; 8            ; 2           ; no              ; no             ; no              ; no         ; no            ; no       ; Off          ; 3.3-V LVCMOS ; 8mA              ; no                     ; User                 ; 10 pF ; -                    ; -                   ;
; DVID_RGB[7]  ; 81    ; 2        ; 10           ; 8            ; 3           ; no              ; no             ; no              ; no         ; no            ; no       ; Off          ; 3.3-V LVCMOS ; 8mA              ; no                     ; User                 ; 10 pF ; -                    ; -                   ;
; DVID_RGB[8]  ; 91    ; 2        ; 6            ; 8            ; 2           ; no              ; no             ; no              ; no         ; no            ; no       ; Off          ; 3.3-V LVCMOS ; 8mA              ; no                     ; User                 ; 10 pF ; -                    ; -                   ;
; DVID_RGB[9]  ; 89    ; 2        ; 7            ; 8            ; 1           ; no              ; no             ; no              ; no         ; no            ; no       ; Off          ; 3.3-V LVCMOS ; 8mA              ; no                     ; User                 ; 10 pF ; -                    ; -                   ;
; DVID_SYNC    ; 83    ; 2        ; 8            ; 8            ; 0           ; no              ; no             ; no              ; no         ; no            ; no       ; Off          ; 3.3-V LVCMOS ; 8mA              ; no                     ; User                 ; 10 pF ; -                    ; -                   ;
+--------------+-------+----------+--------------+--------------+-------------+-----------------+----------------+-----------------+------------+---------------+----------+--------------+--------------+------------------+------------------------+----------------------+-------+----------------------+---------------------+


+------------------------------------------------------------+
; I/O Bank Usage                                             ;
+----------+------------------+---------------+--------------+
; I/O Bank ; Usage            ; VCCIO Voltage ; VREF Voltage ;
+----------+------------------+---------------+--------------+
; 1        ; 18 / 35 ( 51 % ) ; 3.3V          ; --           ;
; 2        ; 16 / 39 ( 41 % ) ; 3.3V          ; --           ;
+----------+------------------+---------------+--------------+


+------------------------------------------------------------------------------------------------------------------------------------------------------------+
; All Package Pins                                                                                                                                           ;
+----------+------------+----------+----------------+--------+----------------------------+---------+------------+-----------------+----------+--------------+
; Location ; Pad Number ; I/O Bank ; Pin Name/Usage ; Dir.   ; I/O Standard               ; Voltage ; I/O Type   ; User Assignment ; Bus Hold ; Weak Pull Up ;
+----------+------------+----------+----------------+--------+----------------------------+---------+------------+-----------------+----------+--------------+
; 1        ; 161        ; 2        ; GND*           ;        ;                            ;         ; Column I/O ;                 ; no       ; Off          ;
; 2        ; 2          ; 1        ; A[4]           ; input  ; 3.3-V LVTTL                ;         ; Column I/O ; Y               ; no       ; Off          ;
; 3        ; 4          ; 1        ; AN[2]          ; input  ; 3.3-V LVTTL                ;         ; Column I/O ; Y               ; no       ; Off          ;
; 4        ; 6          ; 1        ; A[3]           ; input  ; 3.3-V LVTTL                ;         ; Row I/O    ; Y               ; no       ; Off          ;
; 5        ; 8          ; 1        ; AN[0]          ; input  ; 3.3-V LVTTL                ;         ; Row I/O    ; Y               ; no       ; Off          ;
; 6        ; 9          ; 1        ; A[2]           ; input  ; 3.3-V LVTTL                ;         ; Row I/O    ; Y               ; no       ; Off          ;
; 7        ; 10         ; 1        ; AN[1]          ; input  ; 3.3-V LVTTL                ;         ; Row I/O    ; Y               ; no       ; Off          ;
; 8        ;            ;          ; GND            ; gnd    ;                            ;         ; --         ;                 ; --       ; --           ;
; 9        ;            ; 1        ; VCCIO1         ; power  ;                            ; 3.3V    ; --         ;                 ; --       ; --           ;
; 10       ;            ;          ; GND            ; gnd    ;                            ;         ; --         ;                 ; --       ; --           ;
; 11       ;            ;          ; GND            ; gnd    ;                            ;         ; --         ;                 ; --       ; --           ;
; 12       ; 20         ; 1        ; GND*           ;        ;                            ;         ; Row I/O    ;                 ; no       ; Off          ;
; 13       ;            ;          ; VCCINT         ; power  ;                            ; 1.8V    ; --         ;                 ; --       ; --           ;
; 14       ; 21         ; 1        ; GND*           ;        ;                            ;         ; Row I/O    ;                 ; no       ; Off          ;
; 15       ; 22         ; 1        ; D[1]           ; input  ; 3.3-V LVTTL                ;         ; Row I/O    ; Y               ; no       ; Off          ;
; 16       ; 23         ; 1        ; A[1]           ; input  ; 3.3-V LVTTL                ;         ; Row I/O    ; Y               ; no       ; Off          ;
; 17       ; 24         ; 1        ; D[0]           ; input  ; 3.3-V LVTTL                ;         ; Row I/O    ; Y               ; no       ; Off          ;
; 18       ; 25         ; 1        ; A[0]           ; input  ; 3.3-V LVTTL                ;         ; Row I/O    ; Y               ; no       ; Off          ;
; 19       ; 32         ; 1        ; D[2]           ; input  ; 3.3-V LVTTL                ;         ; Row I/O    ; Y               ; no       ; Off          ;
; 20       ; 34         ; 1        ; D[5]           ; input  ; 3.3-V LVTTL                ;         ; Column I/O ; Y               ; no       ; Off          ;
; 21       ; 36         ; 1        ; D[3]           ; input  ; 3.3-V LVTTL                ;         ; Column I/O ; Y               ; no       ; Off          ;
; 22       ; 38         ; 1        ; #TMS           ; input  ;                            ;         ; --         ;                 ; --       ; --           ;
; 23       ; 39         ; 1        ; #TDI           ; input  ;                            ;         ; --         ;                 ; --       ; --           ;
; 24       ; 40         ; 1        ; #TCK           ; input  ;                            ;         ; --         ;                 ; --       ; --           ;
; 25       ; 41         ; 1        ; #TDO           ; output ;                            ;         ; --         ;                 ; --       ; --           ;
; 26       ; 47         ; 1        ; D[6]           ; input  ; 3.3-V LVTTL                ;         ; Column I/O ; Y               ; no       ; Off          ;
; 27       ; 48         ; 1        ; CS             ; input  ; 3.3-V LVTTL                ;         ; Column I/O ; Y               ; no       ; Off          ;
; 28       ; 50         ; 1        ; D[7]           ; input  ; 3.3-V LVTTL                ;         ; Column I/O ; Y               ; no       ; Off          ;
; 29       ; 51         ; 1        ; RW             ; input  ; 3.3-V LVTTL                ;         ; Column I/O ; Y               ; no       ; Off          ;
; 30       ; 52         ; 1        ; D[4]           ; input  ; 3.3-V LVTTL                ;         ; Column I/O ; Y               ; no       ; Off          ;
; 31       ;            ; 1        ; VCCIO1         ; power  ;                            ; 3.3V    ; --         ;                 ; --       ; --           ;
; 32       ;            ;          ; GND            ; gnd    ;                            ;         ; --         ;                 ; --       ; --           ;
; 33       ; 58         ; 1        ; GND*           ;        ;                            ;         ; Column I/O ;                 ; no       ; Off          ;
; 34       ; 59         ; 1        ; GND*           ;        ;                            ;         ; Column I/O ;                 ; no       ; Off          ;
; 35       ; 60         ; 1        ; GND*           ;        ;                            ;         ; Column I/O ;                 ; no       ; Off          ;
; 36       ; 61         ; 1        ; GND*           ;        ;                            ;         ; Column I/O ;                 ; no       ; Off          ;
; 37       ;            ;          ; GND            ; gnd    ;                            ;         ; --         ;                 ; --       ; --           ;
; 38       ; 62         ; 1        ; GND*           ;        ;                            ;         ; Column I/O ;                 ; no       ; Off          ;
; 39       ;            ;          ; VCCINT         ; power  ;                            ; 1.8V    ; --         ;                 ; --       ; --           ;
; 40       ; 63         ; 1        ; GND*           ;        ;                            ;         ; Column I/O ;                 ; no       ; Off          ;
; 41       ; 64         ; 1        ; GND*           ;        ;                            ;         ; Column I/O ;                 ; no       ; Off          ;
; 42       ; 65         ; 1        ; GND*           ;        ;                            ;         ; Column I/O ;                 ; no       ; Off          ;
; 43       ; 66         ; 1        ; GND*           ;        ;                            ;         ; Column I/O ;                 ; no       ; Off          ;
; 44       ; 67         ; 1        ; GND*           ;        ;                            ;         ; Column I/O ;                 ; no       ; Off          ;
; 45       ;            ; 1        ; VCCIO1         ; power  ;                            ; 3.3V    ; --         ;                 ; --       ; --           ;
; 46       ;            ;          ; GND            ; gnd    ;                            ;         ; --         ;                 ; --       ; --           ;
; 47       ; 71         ; 1        ; GND*           ;        ;                            ;         ; Column I/O ;                 ; no       ; Off          ;
; 48       ; 72         ; 1        ; GND*           ;        ;                            ;         ; Column I/O ;                 ; no       ; Off          ;
; 49       ; 73         ; 1        ; GND*           ;        ;                            ;         ; Column I/O ;                 ; no       ; Off          ;
; 50       ; 75         ; 1        ; GND*           ;        ;                            ;         ; Column I/O ;                 ; no       ; Off          ;
; 51       ; 79         ; 1        ; GND*           ;        ;                            ;         ; Column I/O ;                 ; no       ; Off          ;
; 52       ; 83         ; 2        ; GND*           ;        ;                            ;         ; Row I/O    ;                 ; no       ; Off          ;
; 53       ; 84         ; 2        ; GND*           ;        ;                            ;         ; Row I/O    ;                 ; no       ; Off          ;
; 54       ; 86         ; 2        ; GND*           ;        ;                            ;         ; Row I/O    ;                 ; no       ; Off          ;
; 55       ; 89         ; 2        ; GND*           ;        ;                            ;         ; Row I/O    ;                 ; no       ; Off          ;
; 56       ; 91         ; 2        ; GND*           ;        ;                            ;         ; Row I/O    ;                 ; no       ; Off          ;
; 57       ; 92         ; 2        ; GND*           ;        ;                            ;         ; Row I/O    ;                 ; no       ; Off          ;
; 58       ; 93         ; 2        ; GND*           ;        ;                            ;         ; Row I/O    ;                 ; no       ; Off          ;
; 59       ;            ; 2        ; VCCIO2         ; power  ;                            ; 3.3V    ; --         ;                 ; --       ; --           ;
; 60       ;            ;          ; GND            ; gnd    ;                            ;         ; --         ;                 ; --       ; --           ;
; 61       ; 98         ; 2        ; DVID_RGB[0]    ; output ; 3.3-V LVCMOS               ;         ; Row I/O    ; Y               ; no       ; Off          ;
; 62       ; 101        ; 2        ; CLK            ; input  ; 3.3V Schmitt Trigger Input ;         ; Row I/O    ; Y               ; no       ; Off          ;
; 63       ;            ;          ; VCCINT         ; power  ;                            ; 1.8V    ; --         ;                 ; --       ; --           ;
; 64       ; 102        ; 2        ; HALT           ; input  ; 3.3-V LVTTL                ;         ; Row I/O    ; Y               ; no       ; Off          ;
; 65       ;            ;          ; GND            ; gnd    ;                            ;         ; --         ;                 ; --       ; --           ;
; 66       ; 103        ; 2        ; GND*           ;        ;                            ;         ; Row I/O    ;                 ; no       ; Off          ;
; 67       ; 104        ; 2        ; DVID_RGB[1]    ; output ; 3.3-V LVCMOS               ;         ; Row I/O    ; Y               ; no       ; Off          ;
; 68       ; 105        ; 2        ; GND*           ;        ;                            ;         ; Row I/O    ;                 ; no       ; Off          ;
; 69       ; 111        ; 2        ; DVID_RGB[2]    ; output ; 3.3-V LVCMOS               ;         ; Row I/O    ; Y               ; no       ; Off          ;
; 70       ; 112        ; 2        ; GND*           ;        ;                            ;         ; Row I/O    ;                 ; no       ; Off          ;
; 71       ; 115        ; 2        ; DVID_RGB[3]    ; output ; 3.3-V LVCMOS               ;         ; Row I/O    ; Y               ; no       ; Off          ;
; 72       ; 116        ; 2        ; GND*           ;        ;                            ;         ; Row I/O    ;                 ; no       ; Off          ;
; 73       ; 118        ; 2        ; DVID_RGB[4]    ; output ; 3.3-V LVCMOS               ;         ; Row I/O    ; Y               ; no       ; Off          ;
; 74       ; 120        ; 2        ; GND*           ;        ;                            ;         ; Row I/O    ;                 ; no       ; Off          ;
; 75       ; 122        ; 2        ; DVID_RGB[5]    ; output ; 3.3-V LVCMOS               ;         ; Row I/O    ; Y               ; no       ; Off          ;
; 76       ; 125        ; 2        ; GND*           ;        ;                            ;         ; Column I/O ;                 ; no       ; Off          ;
; 77       ; 126        ; 2        ; DVID_RGB[6]    ; output ; 3.3-V LVCMOS               ;         ; Column I/O ; Y               ; no       ; Off          ;
; 78       ; 127        ; 2        ; GND*           ;        ;                            ;         ; Column I/O ;                 ; no       ; Off          ;
; 79       ;            ;          ; GND            ; gnd    ;                            ;         ; --         ;                 ; --       ; --           ;
; 80       ;            ; 2        ; VCCIO2         ; power  ;                            ; 3.3V    ; --         ;                 ; --       ; --           ;
; 81       ; 135        ; 2        ; DVID_RGB[7]    ; output ; 3.3-V LVCMOS               ;         ; Column I/O ; Y               ; no       ; Off          ;
; 82       ; 136        ; 2        ; GND*           ;        ;                            ;         ; Column I/O ;                 ; no       ; Off          ;
; 83       ; 139        ; 2        ; DVID_SYNC      ; output ; 3.3-V LVCMOS               ;         ; Column I/O ; Y               ; no       ; Off          ;
; 84       ; 140        ; 2        ; GND*           ;        ;                            ;         ; Column I/O ;                 ; no       ; Off          ;
; 85       ; 141        ; 2        ; DVID_CLK       ; output ; 3.3-V LVCMOS               ;         ; Column I/O ; Y               ; no       ; Off          ;
; 86       ; 142        ; 2        ; GND*           ;        ;                            ;         ; Column I/O ;                 ; no       ; Off          ;
; 87       ; 143        ; 2        ; GND*           ;        ;                            ;         ; Column I/O ;                 ; no       ; Off          ;
; 88       ;            ;          ; VCCINT         ; power  ;                            ; 1.8V    ; --         ;                 ; --       ; --           ;
; 89       ; 144        ; 2        ; DVID_RGB[9]    ; output ; 3.3-V LVCMOS               ;         ; Column I/O ; Y               ; no       ; Off          ;
; 90       ;            ;          ; GND            ; gnd    ;                            ;         ; --         ;                 ; --       ; --           ;
; 91       ; 149        ; 2        ; DVID_RGB[8]    ; output ; 3.3-V LVCMOS               ;         ; Column I/O ; Y               ; no       ; Off          ;
; 92       ; 150        ; 2        ; GND*           ;        ;                            ;         ; Column I/O ;                 ; no       ; Off          ;
; 93       ;            ;          ; GND            ; gnd    ;                            ;         ; --         ;                 ; --       ; --           ;
; 94       ;            ; 2        ; VCCIO2         ; power  ;                            ; 3.3V    ; --         ;                 ; --       ; --           ;
; 95       ;            ;          ; GND            ; gnd    ;                            ;         ; --         ;                 ; --       ; --           ;
; 96       ; 152        ; 2        ; GND*           ;        ;                            ;         ; Column I/O ;                 ; no       ; Off          ;
; 97       ; 153        ; 2        ; DVID_RGB[10]   ; output ; 3.3-V LVCMOS               ;         ; Column I/O ; Y               ; no       ; Off          ;
; 98       ; 155        ; 2        ; GND*           ;        ;                            ;         ; Column I/O ;                 ; no       ; Off          ;
; 99       ; 156        ; 2        ; DVID_RGB[11]   ; output ; 3.3-V LVCMOS               ;         ; Column I/O ; Y               ; no       ; Off          ;
; 100      ; 158        ; 2        ; GND*           ;        ;                            ;         ; Column I/O ;                 ; no       ; Off          ;
+----------+------------+----------+----------------+--------+----------------------------+---------+------------+-----------------+----------+--------------+
Note: Pin directions (input, output or bidir) are based on device operating in user mode.


+-------------------------------------------------------------+
; Output Pin Default Load For Reported TCO                    ;
+----------------------------+-------+------------------------+
; I/O Standard               ; Load  ; Termination Resistance ;
+----------------------------+-------+------------------------+
; 3.3-V LVTTL                ; 10 pF ; Not Available          ;
; 3.3-V LVCMOS               ; 10 pF ; Not Available          ;
; 2.5 V                      ; 10 pF ; Not Available          ;
; 1.8 V                      ; 10 pF ; Not Available          ;
; 1.5 V                      ; 10 pF ; Not Available          ;
; 3.3V Schmitt Trigger Input ; 10 pF ; Not Available          ;
; 2.5V Schmitt Trigger Input ; 10 pF ; Not Available          ;
; 1.2 V                      ; 10 pF ; Not Available          ;
; LVDS_E_3R                  ; 10 pF ; Not Available          ;
; RSDS_E_3R                  ; 10 pF ; Not Available          ;
+----------------------------+-------+------------------------+
Note: User assignments will override these defaults. The user specified values are listed in the Output Pins and Bidir Pins tables.


+------------------------------------------------------------------------------------------------------------------------------------------------------------------------------------------------------------------------------------+
; Fitter Resource Utilization by Entity                                                                                                                                                                                              ;
+----------------------------+-------------+--------------+------------+------+--------------+--------------+-------------------+------------------+-----------------+------------+---------------------+-------------+--------------+
; Compilation Hierarchy Node ; Logic Cells ; LC Registers ; UFM Blocks ; Pins ; Virtual Pins ; LUT-Only LCs ; Register-Only LCs ; LUT/Register LCs ; Carry Chain LCs ; Packed LCs ; Full Hierarchy Name ; Entity Name ; Library Name ;
+----------------------------+-------------+--------------+------------+------+--------------+--------------+-------------------+------------------+-----------------+------------+---------------------+-------------+--------------+
; |GTIA2DVideo               ; 507 (507)   ; 253          ; 0          ; 34   ; 0            ; 254 (254)    ; 6 (6)             ; 247 (247)        ; 17 (17)         ; 21 (21)    ; |GTIA2DVideo        ; GTIA2DVideo ; work         ;
+----------------------------+-------------+--------------+------------+------+--------------+--------------+-------------------+------------------+-----------------+------------+---------------------+-------------+--------------+
Note: For table entries with two numbers listed, the numbers in parentheses indicate the number of resources of the given type used by the specific entity alone. The numbers listed outside of parentheses indicate the total resources of the given type used by the specific entity and all of its sub-entities in the hierarchy.


+-----------------------------------------+
; Delay Chain Summary                     ;
+--------------+----------+---------------+
; Name         ; Pin Type ; Pad to Core 0 ;
+--------------+----------+---------------+
; DVID_CLK     ; Output   ; --            ;
; DVID_SYNC    ; Output   ; --            ;
; DVID_RGB[0]  ; Output   ; --            ;
; DVID_RGB[1]  ; Output   ; --            ;
; DVID_RGB[2]  ; Output   ; --            ;
; DVID_RGB[3]  ; Output   ; --            ;
; DVID_RGB[4]  ; Output   ; --            ;
; DVID_RGB[5]  ; Output   ; --            ;
; DVID_RGB[6]  ; Output   ; --            ;
; DVID_RGB[7]  ; Output   ; --            ;
; DVID_RGB[8]  ; Output   ; --            ;
; DVID_RGB[9]  ; Output   ; --            ;
; DVID_RGB[10] ; Output   ; --            ;
; DVID_RGB[11] ; Output   ; --            ;
; CLK          ; Input    ; (0)           ;
; AN[0]        ; Input    ; (0)           ;
; AN[1]        ; Input    ; (0)           ;
; D[1]         ; Input    ; (0)           ;
; A[4]         ; Input    ; (0)           ;
; A[3]         ; Input    ; (0)           ;
; A[2]         ; Input    ; (0)           ;
; A[1]         ; Input    ; (0)           ;
; RW           ; Input    ; (0)           ;
; CS           ; Input    ; (0)           ;
; A[0]         ; Input    ; (0)           ;
; D[2]         ; Input    ; (0)           ;
; D[3]         ; Input    ; (0)           ;
; D[0]         ; Input    ; (0)           ;
; D[5]         ; Input    ; (0)           ;
; D[6]         ; Input    ; (0)           ;
; D[7]         ; Input    ; (0)           ;
; D[4]         ; Input    ; (0)           ;
; AN[2]        ; Input    ; (0)           ;
; HALT         ; Input    ; (1)           ;
+--------------+----------+---------------+


+-----------------------------------------------------------------------------------------------------------+
; Control Signals                                                                                           ;
+----------------+--------------+---------+--------------+--------+----------------------+------------------+
; Name           ; Location     ; Fan-Out ; Usage        ; Global ; Global Resource Used ; Global Line Name ;
+----------------+--------------+---------+--------------+--------+----------------------+------------------+
; CLK            ; PIN_62       ; 256     ; Clock        ; yes    ; Global Clock         ; GCLK2            ;
; COLBK[1]~0     ; LC_X6_Y7_N6  ; 7       ; Clock enable ; no     ; --                   ; --               ;
; COLPF0[1]~0    ; LC_X4_Y7_N2  ; 7       ; Clock enable ; no     ; --                   ; --               ;
; COLPF1[1]~0    ; LC_X4_Y7_N5  ; 7       ; Clock enable ; no     ; --                   ; --               ;
; COLPF2[1]~0    ; LC_X6_Y4_N6  ; 7       ; Clock enable ; no     ; --                   ; --               ;
; COLPF3[1]~0    ; LC_X6_Y4_N7  ; 7       ; Clock enable ; no     ; --                   ; --               ;
; COLPM0[1]~0    ; LC_X6_Y4_N3  ; 7       ; Clock enable ; no     ; --                   ; --               ;
; COLPM1[1]~0    ; LC_X6_Y4_N4  ; 7       ; Clock enable ; no     ; --                   ; --               ;
; COLPM2[1]~0    ; LC_X6_Y7_N1  ; 7       ; Clock enable ; no     ; --                   ; --               ;
; COLPM3[1]~0    ; LC_X6_Y7_N9  ; 7       ; Clock enable ; no     ; --                   ; --               ;
; Equal22~0      ; LC_X9_Y7_N6  ; 11      ; Sync. clear  ; no     ; --                   ; --               ;
; GRAFM[1]~1     ; LC_X12_Y4_N2 ; 8       ; Clock enable ; no     ; --                   ; --               ;
; GRAFP0[2]~2    ; LC_X11_Y4_N1 ; 8       ; Clock enable ; no     ; --                   ; --               ;
; GRAFP1[2]~0    ; LC_X11_Y4_N8 ; 8       ; Clock enable ; no     ; --                   ; --               ;
; GRAFP2[1]~1    ; LC_X11_Y4_N5 ; 8       ; Clock enable ; no     ; --                   ; --               ;
; GRAFP3[7]~1    ; LC_X12_Y4_N5 ; 8       ; Clock enable ; no     ; --                   ; --               ;
; HPOSM0[0]~0    ; LC_X6_Y4_N9  ; 8       ; Clock enable ; no     ; --                   ; --               ;
; HPOSM1[0]~0    ; LC_X6_Y4_N8  ; 8       ; Clock enable ; no     ; --                   ; --               ;
; HPOSM2[0]~1    ; LC_X4_Y7_N4  ; 8       ; Clock enable ; no     ; --                   ; --               ;
; HPOSM3[0]~1    ; LC_X6_Y4_N5  ; 8       ; Clock enable ; no     ; --                   ; --               ;
; HPOSP0[7]~0    ; LC_X4_Y7_N8  ; 8       ; Clock enable ; no     ; --                   ; --               ;
; HPOSP1[7]~0    ; LC_X4_Y7_N6  ; 8       ; Clock enable ; no     ; --                   ; --               ;
; HPOSP2[7]~0    ; LC_X1_Y4_N3  ; 8       ; Clock enable ; no     ; --                   ; --               ;
; HPOSP3[7]~0    ; LC_X1_Y5_N4  ; 8       ; Clock enable ; no     ; --                   ; --               ;
; PRIOR[7]~0     ; LC_X6_Y7_N0  ; 8       ; Clock enable ; no     ; --                   ; --               ;
; SIZEM[1]~0     ; LC_X11_Y4_N9 ; 8       ; Clock enable ; no     ; --                   ; --               ;
; SIZEP0[1]~0    ; LC_X1_Y6_N2  ; 2       ; Clock enable ; no     ; --                   ; --               ;
; SIZEP1[1]~0    ; LC_X1_Y7_N5  ; 2       ; Clock enable ; no     ; --                   ; --               ;
; SIZEP2[1]~0    ; LC_X1_Y4_N9  ; 2       ; Clock enable ; no     ; --                   ; --               ;
; SIZEP3[1]~0    ; LC_X1_Y5_N7  ; 2       ; Clock enable ; no     ; --                   ; --               ;
; hcounter[2]~18 ; LC_X8_Y6_N6  ; 8       ; Sync. load   ; no     ; --                   ; --               ;
; ticker_p0[3]~2 ; LC_X2_Y6_N1  ; 4       ; Clock enable ; no     ; --                   ; --               ;
; ticker_p1[1]~1 ; LC_X2_Y7_N2  ; 4       ; Clock enable ; no     ; --                   ; --               ;
; ticker_p2[0]~2 ; LC_X10_Y2_N3 ; 4       ; Clock enable ; no     ; --                   ; --               ;
; ticker_p3[1]~1 ; LC_X2_Y5_N8  ; 4       ; Clock enable ; no     ; --                   ; --               ;
; vcounter[8]~21 ; LC_X3_Y4_N1  ; 9       ; Clock enable ; no     ; --                   ; --               ;
+----------------+--------------+---------+--------------+--------+----------------------+------------------+


+---------------------------------------------------------------------+
; Global & Other Fast Signals                                         ;
+------+----------+---------+----------------------+------------------+
; Name ; Location ; Fan-Out ; Global Resource Used ; Global Line Name ;
+------+----------+---------+----------------------+------------------+
; CLK  ; PIN_62   ; 256     ; Global Clock         ; GCLK2            ;
+------+----------+---------+----------------------+------------------+


+----------------------------------------------+
; Routing Usage Summary                        ;
+-----------------------+----------------------+
; Routing Resource Type ; Usage                ;
+-----------------------+----------------------+
; C4s                   ; 402 / 1,624 ( 25 % ) ;
; Direct links          ; 94 / 1,930 ( 5 % )   ;
; Global clocks         ; 1 / 4 ( 25 % )       ;
; LAB clocks            ; 12 / 56 ( 21 % )     ;
; LUT chains            ; 42 / 513 ( 8 % )     ;
; Local interconnects   ; 715 / 1,930 ( 37 % ) ;
; R4s                   ; 607 / 1,472 ( 41 % ) ;
+-----------------------+----------------------+


+---------------------------------------------------------------------------+
; LAB Logic Elements                                                        ;
+--------------------------------------------+------------------------------+
; Number of Logic Elements  (Average = 8.89) ; Number of LABs  (Total = 57) ;
+--------------------------------------------+------------------------------+
; 1                                          ; 0                            ;
; 2                                          ; 0                            ;
; 3                                          ; 1                            ;
; 4                                          ; 3                            ;
; 5                                          ; 1                            ;
; 6                                          ; 5                            ;
; 7                                          ; 0                            ;
; 8                                          ; 2                            ;
; 9                                          ; 9                            ;
; 10                                         ; 36                           ;
+--------------------------------------------+------------------------------+


+-------------------------------------------------------------------+
; LAB-wide Signals                                                  ;
+------------------------------------+------------------------------+
; LAB-wide Signals  (Average = 1.63) ; Number of LABs  (Total = 57) ;
+------------------------------------+------------------------------+
; 1 Clock                            ; 53                           ;
; 1 Clock enable                     ; 21                           ;
; 1 Sync. clear                      ; 1                            ;
; 1 Sync. load                       ; 1                            ;
; 2 Clock enables                    ; 17                           ;
+------------------------------------+------------------------------+


+----------------------------------------------------------------------------+
; LAB Signals Sourced                                                        ;
+---------------------------------------------+------------------------------+
; Number of Signals Sourced  (Average = 9.02) ; Number of LABs  (Total = 57) ;
+---------------------------------------------+------------------------------+
; 0                                           ; 0                            ;
; 1                                           ; 0                            ;
; 2                                           ; 0                            ;
; 3                                           ; 1                            ;
; 4                                           ; 3                            ;
; 5                                           ; 1                            ;
; 6                                           ; 5                            ;
; 7                                           ; 0                            ;
; 8                                           ; 2                            ;
; 9                                           ; 7                            ;
; 10                                          ; 33                           ;
; 11                                          ; 5                            ;
+---------------------------------------------+------------------------------+


+--------------------------------------------------------------------------------+
; LAB Signals Sourced Out                                                        ;
+-------------------------------------------------+------------------------------+
; Number of Signals Sourced Out  (Average = 5.26) ; Number of LABs  (Total = 57) ;
+-------------------------------------------------+------------------------------+
; 0                                               ; 0                            ;
; 1                                               ; 6                            ;
; 2                                               ; 2                            ;
; 3                                               ; 5                            ;
; 4                                               ; 16                           ;
; 5                                               ; 4                            ;
; 6                                               ; 6                            ;
; 7                                               ; 3                            ;
; 8                                               ; 5                            ;
; 9                                               ; 6                            ;
; 10                                              ; 4                            ;
+-------------------------------------------------+------------------------------+


+-----------------------------------------------------------------------------+
; LAB Distinct Inputs                                                         ;
+----------------------------------------------+------------------------------+
; Number of Distinct Inputs  (Average = 12.46) ; Number of LABs  (Total = 57) ;
+----------------------------------------------+------------------------------+
; 0                                            ; 0                            ;
; 1                                            ; 0                            ;
; 2                                            ; 0                            ;
; 3                                            ; 2                            ;
; 4                                            ; 4                            ;
; 5                                            ; 2                            ;
; 6                                            ; 2                            ;
; 7                                            ; 1                            ;
; 8                                            ; 5                            ;
; 9                                            ; 5                            ;
; 10                                           ; 1                            ;
; 11                                           ; 4                            ;
; 12                                           ; 4                            ;
; 13                                           ; 4                            ;
; 14                                           ; 8                            ;
; 15                                           ; 4                            ;
; 16                                           ; 1                            ;
; 17                                           ; 1                            ;
; 18                                           ; 1                            ;
; 19                                           ; 0                            ;
; 20                                           ; 1                            ;
; 21                                           ; 0                            ;
; 22                                           ; 0                            ;
; 23                                           ; 0                            ;
; 24                                           ; 1                            ;
; 25                                           ; 3                            ;
; 26                                           ; 3                            ;
+----------------------------------------------+------------------------------+


+-------------------------------------------------------------------------+
; Fitter Device Options                                                   ;
+----------------------------------------------+--------------------------+
; Option                                       ; Setting                  ;
+----------------------------------------------+--------------------------+
; Enable user-supplied start-up clock (CLKUSR) ; Off                      ;
; Enable device-wide reset (DEV_CLRn)          ; Off                      ;
; Enable device-wide output enable (DEV_OE)    ; Off                      ;
; Enable INIT_DONE output                      ; Off                      ;
; Configuration scheme                         ; Passive Serial           ;
; Reserve all unused pins                      ; As output driving ground ;
+----------------------------------------------+--------------------------+


+-----------------+
; Fitter Messages ;
+-----------------+
Warning (20028): Parallel compilation is not licensed and has been disabled
Info (119006): Selected device 5M570ZT100C5 for design "AtariMod"
Info (21077): Low junction temperature is 0 degrees C
Info (21077): High junction temperature is 85 degrees C
Info (171003): Fitter is performing an Auto Fit compilation, which may decrease Fitter effort to reduce compilation time
Warning (292013): Feature LogicLock is only available with a valid subscription license. You can purchase a software subscription to gain full access to this feature.
Info (176444): Device migration not selected. If you intend to use device migration later, you may need to change the pin assignments as they may be incompatible with other devices
    Info (176445): Device 5M80ZT100C5 is compatible
    Info (176445): Device 5M80ZT100I5 is compatible
    Info (176445): Device 5M160ZT100C5 is compatible
    Info (176445): Device 5M160ZT100I5 is compatible
    Info (176445): Device 5M240ZT100C5 is compatible
    Info (176445): Device 5M240ZT100I5 is compatible
    Info (176445): Device 5M570ZT100I5 is compatible
Info (332104): Reading SDC File: 'AtariMod.sdc'
Info (332129): Detected timing requirements -- optimizing circuit to achieve only the specified requirements
Info (332111): Found 1 clocks
    Info (332111):   Period   Clock Name
    Info (332111): ======== ============
    Info (332111):   10.000          clk
Info (186079): Completed User Assigned Global Signals Promotion Operation
Info (186216): Automatically promoted some destinations of signal "CLK" to use Global clock in PIN 62 File: C:/Users/Reinhard/Documents/GitHub/D-Video/atarimod/quartus/GTIA2DVideo.vhd Line: 13
    Info (186217): Destination "DVID_CLK" may be non-global or may not use global clock File: C:/Users/Reinhard/Documents/GitHub/D-Video/atarimod/quartus/GTIA2DVideo.vhd Line: 22
    Info (186217): Destination "tmp_color~0" may be non-global or may not use global clock File: C:/Users/Reinhard/Documents/GitHub/D-Video/atarimod/quartus/GTIA2DVideo.vhd Line: 104
    Info (186217): Destination "tmp_color~1" may be non-global or may not use global clock File: C:/Users/Reinhard/Documents/GitHub/D-Video/atarimod/quartus/GTIA2DVideo.vhd Line: 104
Info (186079): Completed Auto Global Promotion Operation
Info (176234): Starting register packing
Info (186468): Started processing fast register assignments
Info (186469): Finished processing fast register assignments
Info (176235): Finished register packing
Warning (15705): Ignored locations or region assignments to the following nodes
    Warning (15706): Node "CLK100" is assigned to location or region, but does not exist in design
Info (171121): Fitter preparation operations ending: elapsed time is 00:00:01
Info (14896): Fitter has disabled Advanced Physical Optimization because it is not supported for the current family.
Info (170189): Fitter placement preparation operations beginning
Info (170190): Fitter placement preparation operations ending: elapsed time is 00:00:02
Info (170191): Fitter placement operations beginning
Info (170137): Fitter placement was successful
Info (170192): Fitter placement operations ending: elapsed time is 00:00:08
Info (170193): Fitter routing operations beginning
Info (170089): 8e+01 ns of routing delay (approximately 2.3% of available device routing delay) has been added to meet hold timing. For more information, refer to the Estimated Delay Added for Hold Timing section in the Fitter report.
Info (170195): Router estimated average interconnect usage is 27% of the available device resources
    Info (170196): Router estimated peak interconnect usage is 27% of the available device resources in the region that extends from location X0_Y0 to location X13_Y8
Info (170202): The Fitter performed an Auto Fit compilation.  No optimizations were skipped because the design's timing and routability requirements required full optimization.
Info (170194): Fitter routing operations ending: elapsed time is 00:00:08
Info (11888): Total time spent on timing analysis during the Fitter is 1.59 seconds.
Info (11218): Fitter post-fit operations ending: elapsed time is 00:00:00
Warning (171167): Found invalid Fitter assignments. See the Ignored Assignments panel in the Fitter Compilation Report for more information.
Warning (169174): The Reserve All Unused Pins setting has not been specified, and will default to 'As output driving ground'.
Info (144001): Generated suppressed messages file C:/Users/Reinhard/Documents/GitHub/D-Video/atarimod/quartus/output_files/AtariMod.fit.smsg
Info: Quartus Prime Fitter was successful. 0 errors, 6 warnings
    Info: Peak virtual memory: 1057 megabytes
    Info: Processing ended: Thu Dec 29 22:21:48 2016
    Info: Elapsed time: 00:00:24
    Info: Total CPU time (on all processors): 00:00:22


+----------------------------+
; Fitter Suppressed Messages ;
+----------------------------+
The suppressed messages can be found in C:/Users/Reinhard/Documents/GitHub/D-Video/atarimod/quartus/output_files/AtariMod.fit.smsg.


